// Vitest Snapshot v1, https://vitest.dev/guide/snapshot.html

exports[`Home / Dashboard page (/home) > renders without crashing and matches snapshot 1`] = `
"<div data-v-10844834="" class="content content--wide">
  <header data-v-10844834="" class="topbar"><button data-v-10844834="" class="icon-btn" aria-label="Search"><svg data-v-10844834="" data-icon="" name="search" size="18"></svg></button><button data-v-10844834="" class="icon-btn" aria-label="Alerts"><svg data-v-10844834="" data-icon="" name="bell" size="18"></svg></button><button data-v-10844834="" class="btn btn--primary btn--sm"><svg data-v-10844834="" data-icon="" name="plus" size="14"></svg> new entry </button></header><!-- Greeting -->
  <div data-v-10844834="" class="hello">
    <div data-v-10844834="">
      <div data-v-10844834="" class="label">// evening · fri, jun 14</div>
      <h1 data-v-10844834="" style="margin-top: 10px;"> Welcome back, <b data-v-10844834="">Dan.</b></h1>
      <p data-v-10844834=""> You've been to 9 countries. Iceland, the ring road is your current trip. </p>
    </div><a data-v-10844834="" class="btn btn--outline"><svg data-v-10844834="" data-icon="" name="map" size="16"></svg> open the map </a>
  </div><!-- Import alert: only show when Instagram is connected -->
  <div data-v-10844834="" class="alert alert--info" style="margin-bottom: 22px;"><svg data-v-10844834="" data-icon="" name="instagram" size="18" class="alert__ico"></svg>
    <div data-v-10844834="" class="alert__body">
      <p data-v-10844834="" class="alert__title">Geotagged photos from Instagram are ready</p>
      <p data-v-10844834="" class="alert__msg"> Import them straight into your journal entries. </p>
    </div>
    <div data-v-10844834="" class="hstack gap-8" style="margin-left: auto;"><a data-v-10844834="" class="btn btn--ghost btn--sm">manage</a><button data-v-10844834="" class="btn btn--primary btn--sm">import all</button><button data-v-10844834="" class="icon-btn" aria-label="Dismiss import alert"><svg data-v-10844834="" data-icon="" name="x" size="14"></svg></button></div>
  </div><!-- Stats load error -->
  <!--v-if-->
  <!-- Stats -->
  <div data-v-10844834="" class="stats">
    <div data-v-10844834="" class="stat">
      <div data-v-10844834="" class="stat__ico"><svg data-v-10844834="" data-icon="" name="pin" size="16"></svg></div>
      <div data-v-10844834="" class="stat__num">117</div>
      <div data-v-10844834="" class="stat__lbl">Places pinned</div>
      <div data-v-10844834="" class="stat__delta">+6 wk</div>
    </div>
    <div data-v-10844834="" class="stat">
      <div data-v-10844834="" class="stat__ico"><svg data-v-10844834="" data-icon="" name="globe" size="16"></svg></div>
      <div data-v-10844834="" class="stat__num">9</div>
      <div data-v-10844834="" class="stat__lbl">Countries</div>
      <!--v-if-->
    </div>
    <div data-v-10844834="" class="stat">
      <div data-v-10844834="" class="stat__ico"><svg data-v-10844834="" data-icon="" name="plane" size="16"></svg></div>
      <div data-v-10844834="" class="stat__num">48.2k</div>
      <div data-v-10844834="" class="stat__lbl">Miles logged</div>
      <div data-v-10844834="" class="stat__delta">+1.4k wk</div>
    </div>
    <div data-v-10844834="" class="stat">
      <div data-v-10844834="" class="stat__ico"><svg data-v-10844834="" data-icon="" name="flag" size="16"></svg></div>
      <div data-v-10844834="" class="stat__num">14</div>
      <div data-v-10844834="" class="stat__lbl">Day streak</div>
      <!--v-if-->
    </div>
  </div><!-- Map + current trip -->
  <div data-v-10844834="" class="cols">
    <div data-v-10844834="" class="map-card">
      <div data-v-10844834="" class="map-card__bar"><span data-v-10844834="" class="label label--plain" style="color: var(--ink);">Your world</span><span data-v-10844834="" class="grow"></span><span data-v-10844834="" class="tag">117 pins</span><a data-v-10844834="" class="btn btn--ghost btn--sm"> expand <svg data-v-10844834="" data-icon="" name="arrow-right" size="14"></svg></a></div>
      <div data-v-10844834="" class="map-body">
        <div data-v-10844834="" class="map-panel">
          <div data-v-10844834="" class="topo" style="opacity: 0.4;"></div>
        </div><a data-v-10844834="" class="pin-abs" style="left: 43.93888888888889%; top: 12.276470588235297%;"><svg data-v-10844834="" data-icon="" name="pin" size="24" class="pin"></svg><span data-v-10844834="" class="pin-tip">Reykjavík</span></a><a data-v-10844834="" class="pin-abs sm" style="left: 49.96388888888889%; top: 19.7%;"><svg data-v-10844834="" data-icon="" name="pin" size="17" class="pin"></svg><span data-v-10844834="" class="pin-tip">London</span></a>
      </div>
    </div><!-- Current trip card -->
    <div data-v-10844834="" class="trip-card">
      <div data-v-10844834="" class="label">// current trip</div>
      <div data-v-10844834="" class="trip-hero ph" style="margin-top: 12px;">
        <div data-v-10844834="" class="topo" style="opacity: 0.5;"></div><span data-v-10844834="" class="ph__tag" style="position: relative; z-index: 2;">cover · iceland, the ring road</span>
      </div>
      <h3 data-v-10844834="" style="font-size: 18px;">Iceland, the ring road</h3>
      <p data-v-10844834="" class="muted" style="font-size: 12px; margin: 4px 0px 0px;">day 6 of 8 · 1 of 3 stops logged</p>
      <div data-v-10844834="" class="progress"><span data-v-10844834="" style="width: 33%;"></span></div>
      <div data-v-10844834="" class="hstack" style="justify-content: space-between; font-size: 11px; color: var(--muted);"><span data-v-10844834="">33% logged</span><span data-v-10844834="">3 days left</span></div>
      <div data-v-10844834="" class="nextstop"><svg data-v-10844834="" data-icon="" name="pin" size="18" style="color: var(--accent);"></svg>
        <div data-v-10844834="">
          <div data-v-10844834="" style="font-size: 12.5px; font-weight: 600;"> Next: Jökulsárlón</div>
          <div data-v-10844834="" style="font-size: 11px; color: var(--muted);">glacier lagoon · 1h 40m drive</div>
        </div>
      </div>
    </div>
  </div><!-- Recent entries -->
  <div data-v-10844834="" class="feed-head">
    <div data-v-10844834="">
      <div data-v-10844834="" class="label">// recent entries</div>
      <h2 data-v-10844834="" class="display" style="font-size: 20px; margin-top: 8px;"> From the journal </h2>
    </div><a data-v-10844834="" class="btn btn--ghost btn--sm"> view all <svg data-v-10844834="" data-icon="" name="arrow-right" size="14"></svg></a>
  </div>
  <div data-v-10844834="" class="entries"><a data-v-10844834="" class="entry">
      <div data-v-10844834="" class="entry__thumb ph">
        <div data-v-10844834="" class="topo" style="opacity: 0.4;"></div>
      </div>
      <div data-v-10844834="" class="entry__meta">
        <div data-v-10844834="" class="entry__loc"><svg data-v-10844834="" data-icon="" name="pin" size="11"></svg> Reykjavík</div>
        <div data-v-10844834="" class="entry__title">Harbor at 4am</div>
        <p data-v-10844834="" class="entry__excerpt">Cold morning, the whole harbor still asleep.</p>
        <div data-v-10844834="" class="entry__foot"><span data-v-10844834=""><svg data-v-10844834="" data-icon="" name="calendar" size="11" style="vertical-align: -2px;"></svg> Jun 12</span><span data-v-10844834=""><svg data-v-10844834="" data-icon="" name="image" size="11" style="vertical-align: -2px;"></svg> 1</span><span data-v-10844834=""><svg data-v-10844834="" data-icon="" name="heart" size="11" style="vertical-align: -2px;"></svg> 24</span></div>
      </div>
    </a><a data-v-10844834="" class="entry">
      <div data-v-10844834="" class="entry__thumb ph">
        <div data-v-10844834="" class="topo" style="opacity: 0.4;"></div>
      </div>
      <div data-v-10844834="" class="entry__meta">
        <div data-v-10844834="" class="entry__loc"><svg data-v-10844834="" data-icon="" name="pin" size="11"></svg> </div>
        <div data-v-10844834="" class="entry__title">Tram 28, again</div>
        <p data-v-10844834="" class="entry__excerpt">Took the long way through Alfama.</p>
        <div data-v-10844834="" class="entry__foot"><span data-v-10844834=""><svg data-v-10844834="" data-icon="" name="calendar" size="11" style="vertical-align: -2px;"></svg> Jun 8</span><span data-v-10844834=""><svg data-v-10844834="" data-icon="" name="image" size="11" style="vertical-align: -2px;"></svg> 0</span><span data-v-10844834=""><svg data-v-10844834="" data-icon="" name="heart" size="11" style="vertical-align: -2px;"></svg> 41</span></div>
      </div>
    </a></div>
</div>"
`;
