// Vitest Snapshot v1, https://vitest.dev/guide/snapshot.html

exports[`Login page (/login) > renders without crashing and matches snapshot 1`] = `
"<div data-v-43592d06="" class="auth">
  <!-- LEFT: brand panel -->
  <div data-v-43592d06="" class="auth__brand">
    <div data-v-43592d06="" class="topo"></div><span data-v-43592d06="" class="pin-float" style="left: 64%; top: 30%;"><svg data-v-43592d06="" data-icon="" name="pin" size="26" class="pin"></svg><small data-v-43592d06="">tokyo</small></span><span data-v-43592d06="" class="pin-float" style="left: 42%; top: 46%;"><svg data-v-43592d06="" data-icon="" name="pin" size="20" class="pin"></svg><small data-v-43592d06="">lisbon</small></span>
    <div data-v-43592d06="" class="brand-top"><a data-v-43592d06="" class="brand"><svg data-v-43592d06="" data-icon="" name="compass" size="26" class="brand__mark"></svg><span data-v-43592d06="" class="brand__name">wander<b data-v-43592d06="">ist</b></span></a>
      <div data-v-43592d06="" class="theme-toggle"></div>
    </div>
    <div data-v-43592d06="" class="brand-mid">
      <div data-v-43592d06="" class="label"> // 117 places · 9 countries </div>
      <h1 data-v-43592d06="" style="margin-top: 14px;">Your map is<br data-v-43592d06=""><b data-v-43592d06="">waiting.</b></h1>
      <p data-v-43592d06=""> Pick up where you left off — every pin, journal entry and photo, exactly where you dropped it. </p>
      <div data-v-43592d06="" class="stamp">
        <div data-v-43592d06="">
          <div data-v-43592d06="" class="k">Streak</div>
          <div data-v-43592d06="" class="v">14 days</div>
        </div>
        <div data-v-43592d06="">
          <div data-v-43592d06="" class="k">Miles logged</div>
          <div data-v-43592d06="" class="v">48.2k</div>
        </div>
      </div>
    </div>
  </div><!-- RIGHT: Clerk sign-in form -->
  <div data-v-43592d06="" class="auth__form">
    <div data-v-43592d06="" class="auth__form-inner">
      <div data-v-43592d06="" class="auth-corner">
        <div data-v-43592d06="" class="theme-toggle"></div>
      </div>
      <div data-v-43592d06="" class="clerk-sign-in" appearance="[object Object]"></div>
    </div>
  </div>
</div>"
`;
