// Vitest Snapshot v1, https://vitest.dev/guide/snapshot.html

exports[`Trips page (/trips) > renders without crashing and matches snapshot 1`] = `
"<div data-v-f103826c="" class="content content--wide">
  <div data-v-f103826c="" class="trips-head">
    <div data-v-f103826c="">
      <div data-v-f103826c="" class="label"> // 6 trips · 117 places · 48.2k miles</div>
      <h1 data-v-f103826c="">Your trips</h1>
      <p data-v-f103826c="">One ongoing, two on the calendar, six in the books.</p>
    </div><button data-v-f103826c="" class="btn btn--outline"><svg data-v-f103826c="" data-icon="" name="route" size="15"></svg> plan a new route </button>
  </div><!-- Stats load error -->
  <!--v-if-->
  <!-- Featured active trip -->
  <div data-v-f103826c="" class="feature"><a data-v-f103826c="" href="/trips/1" class="feature__cover ph">
      <div data-v-f103826c="" class="topo"></div><span data-v-f103826c="" class="feature__badge tag tag--ongoing">● ongoing</span>
    </a>
    <div data-v-f103826c="" class="feature__body">
      <div data-v-f103826c="" class="label">// active trip</div>
      <h2 data-v-f103826c="" style="margin-top: 8px;">Iceland, the ring road</h2>
      <div data-v-f103826c="" class="feature__stats">
        <div data-v-f103826c="">
          <div data-v-f103826c="" class="n">892 km</div>
          <div data-v-f103826c="" class="l">distance</div>
        </div>
        <div data-v-f103826c="" style="margin-left: auto; align-self: center;"><a data-v-f103826c="" href="/trips/1" class="btn btn--primary btn--sm"> open trip <svg data-v-f103826c="" data-icon="" name="arrow-right" size="14"></svg></a></div>
      </div>
    </div>
  </div><!-- Toolbar -->
  <div data-v-f103826c="" class="trip-toolbar">
    <div data-v-f103826c="" class="seg-tabs"><button data-v-f103826c="" class="is-active">All</button><button data-v-f103826c="" class="">Ongoing</button><button data-v-f103826c="" class="">Upcoming</button><button data-v-f103826c="" class="">Past</button></div><span data-v-f103826c="" class="spacer"></span><span data-v-f103826c="" class="label label--plain" style="font-size: 10px;">sort</span><button data-v-f103826c="" class="btn btn--outline btn--sm"><svg data-v-f103826c="" data-icon="" name="sliders" size="14"></svg> recent first </button>
  </div><!-- Grid -->
  <div data-v-f103826c="" class="trip-grid"><a data-v-f103826c="" href="/trips/1" class="tcard">
      <div data-v-f103826c="" class="tcard__cover ph">
        <div data-v-f103826c="" class="topo"></div><span data-v-f103826c="" class="tcard__status tag tag--ongoing">2026</span><button data-v-f103826c="" class="tcard__save" aria-label="Save"><svg data-v-f103826c="" data-icon="" name="bookmark" size="15"></svg></button>
      </div>
      <div data-v-f103826c="" class="tcard__body">
        <div data-v-f103826c="" class="tcard__name">Iceland, the ring road</div>
        <div data-v-f103826c="" class="tcard__dates">Jun 20, 2026 – Jun 29, 2026 · 9 days</div>
        <div data-v-f103826c="" class="tcard__foot"><span data-v-f103826c="" class="m"><svg data-v-f103826c="" data-icon="" name="pin" size="13"></svg> 892 km</span></div>
      </div>
    </a><a data-v-f103826c="" href="/trips/2" class="tcard">
      <div data-v-f103826c="" class="tcard__cover ph">
        <div data-v-f103826c="" class="topo"></div><span data-v-f103826c="" class="tcard__status tag tag--upcoming">2026</span><button data-v-f103826c="" class="tcard__save" aria-label="Save"><svg data-v-f103826c="" data-icon="" name="bookmark" size="15"></svg></button>
      </div>
      <div data-v-f103826c="" class="tcard__body">
        <div data-v-f103826c="" class="tcard__name">Portugal, coast to coast</div>
        <div data-v-f103826c="" class="tcard__dates">Jul 1, 2026 – Jul 10, 2026 · 9 days</div>
        <div data-v-f103826c="" class="tcard__foot">
          <!--v-if-->
        </div>
      </div>
    </a><a data-v-f103826c="" href="/trips/3" class="tcard">
      <div data-v-f103826c="" class="tcard__cover ph">
        <div data-v-f103826c="" class="topo"></div><span data-v-f103826c="" class="tcard__status tag tag--upcoming">upcoming</span><button data-v-f103826c="" class="tcard__save" aria-label="Save"><svg data-v-f103826c="" data-icon="" name="bookmark" size="15"></svg></button>
      </div>
      <div data-v-f103826c="" class="tcard__body">
        <div data-v-f103826c="" class="tcard__name">Norway in winter</div>
        <div data-v-f103826c="" class="tcard__dates">dates TBD</div>
        <div data-v-f103826c="" class="tcard__foot">
          <!--v-if-->
        </div>
      </div>
    </a><a data-v-f103826c="" href="/trips/4" class="tcard">
      <div data-v-f103826c="" class="tcard__cover ph">
        <div data-v-f103826c="" class="topo"></div><span data-v-f103826c="" class="tcard__status tag tag--past">2025</span><button data-v-f103826c="" class="tcard__save" aria-label="Save"><svg data-v-f103826c="" data-icon="" name="bookmark" size="15"></svg></button>
      </div>
      <div data-v-f103826c="" class="tcard__body">
        <div data-v-f103826c="" class="tcard__name">Japan, north to south</div>
        <div data-v-f103826c="" class="tcard__dates">Oct 4, 2025 – Oct 22, 2025 · 18 days</div>
        <div data-v-f103826c="" class="tcard__foot">
          <!--v-if-->
        </div>
      </div>
    </a><a data-v-f103826c="" href="/trips/5" class="tcard">
      <div data-v-f103826c="" class="tcard__cover ph">
        <div data-v-f103826c="" class="topo"></div><span data-v-f103826c="" class="tcard__status tag tag--past">2025</span><button data-v-f103826c="" class="tcard__save" aria-label="Save"><svg data-v-f103826c="" data-icon="" name="bookmark" size="15"></svg></button>
      </div>
      <div data-v-f103826c="" class="tcard__body">
        <div data-v-f103826c="" class="tcard__name">Marrakech &amp; the Atlas</div>
        <div data-v-f103826c="" class="tcard__dates">Mar 12, 2025 – Mar 19, 2025 · 7 days</div>
        <div data-v-f103826c="" class="tcard__foot">
          <!--v-if-->
        </div>
      </div>
    </a><a data-v-f103826c="" href="/trips/6" class="tcard">
      <div data-v-f103826c="" class="tcard__cover ph">
        <div data-v-f103826c="" class="topo"></div><span data-v-f103826c="" class="tcard__status tag tag--past">2024</span><button data-v-f103826c="" class="tcard__save" aria-label="Save"><svg data-v-f103826c="" data-icon="" name="bookmark" size="15"></svg></button>
      </div>
      <div data-v-f103826c="" class="tcard__body">
        <div data-v-f103826c="" class="tcard__name">Sydney &amp; the east coast</div>
        <div data-v-f103826c="" class="tcard__dates">Nov 2, 2024 – Nov 16, 2024 · 14 days</div>
        <div data-v-f103826c="" class="tcard__foot">
          <!--v-if-->
        </div>
      </div>
    </a></div>
</div>"
`;
